A51 MACRO ASSEMBLER  BEATMAP                                                              06/16/2024 16:50:56 PAGE     1


MACRO ASSEMBLER A51 V8.2.7.0
OBJECT MODULE PLACED IN .\Objects\Beatmap.obj
ASSEMBLER INVOKED BY: D:\Jericho\School\Microprocessor\Keil\C51\BIN\A51.EXE Beatmap.a51 SET(SMALL) DEBUG PRINT(.\Listing
                      s\Beatmap.lst) OBJECT(.\Objects\Beatmap.obj) EP

LOC  OBJ            LINE     SOURCE

                       1     ;==================================================
                       2     ; INITIALIZATION
                       3     ;==================================================
0000                   4                 ORG          0000H
0000 758920            5                                   MOV                       TMOD,#00100000B
0003 758DE8            6                                   MOV                       TH1,#232
0006 758BE8            7                                   MOV                       TL1,#232
0009 D28E              8                                   SETB              TR1
000B 759870            9                                   MOV                       SCON,#01110000B
000E 0110             10                 AJMP         MAIN
                      11     
                      12     ;==================================================
                      13     ; MAIN 
                      14     ;==================================================
0010                  15     MAIN:       
0010 9000AE           16                 MOV          DPTR, #TABLE
0013 C298             17                 CLR          RI 
0015 3098FD           18                 JNB          RI,$
0018 E599             19                 MOV          A,SBUF
001A B427F3           20                 CJNE         A,#39,MAIN 
001D 759927           21                 MOV          SBUF,#39
0020 C299             22                 CLR          TI
0022 3099FD           23                 JNB          TI,$
0025 C298             24                 CLR          RI
0027 78AA             25                 MOV          R0, #10101010B  ;JUDGE ON LINE 7
0029 7BAA             26                 MOV          R3, #10101010B  ;JUDGE ON LINE 6
002B 7A09             27     LOOP:       MOV          R2, #9
002D 1170             28     SCAN:       ACALL        SCAN1
002F DAFC             29                 DJNZ         R2, SCAN
0031 A3               30                 INC          DPTR
0032 309806           31                 JNB          RI,CONTINUESC
0035 E599             32                 MOV          A,SBUF
0037 C298             33                 CLR          RI
0039 0143             34                 AJMP         JUDGE
003B 7407             35     CONTINUESC: MOV          A,#7
003D 93               36                 MOVC         A,@A+DPTR
003E B4AAEA           37                 CJNE         A,#10101010B,LOOP
0041 0110             38                 AJMP         MAIN
                      39     
                      40     ;==================================================
                      41     ;  JUDGE
                      42     ;==================================================
0043                  43     JUDGE:
0043 C006             44                 PUSH 06
0045 FE               45                 MOV R6,A
0046 E8               46                 MOV A,R0
0047 B4FF02           47                 CJNE A,#11111111B,CONTJUDG1
004A 0150             48                 AJMP CONTJUDG2
004C F4               49     CONTJUDG1:  CPL A
004D 5E               50                 ANL A,R6
004E 600C             51                 JZ PSCORE
0050 EB               52     CONTJUDG2:  MOV A,R3
0051 B4FF02           53                 CJNE A,#11111111B,CONTJUDG3
0054 0166             54                 AJMP MISS
0056 F4               55     CONTJUDG3:  CPL A
0057 5E               56                 ANL A,R6
0058 6002             57                 JZ PSCORE
A51 MACRO ASSEMBLER  BEATMAP                                                              06/16/2024 16:50:56 PAGE     2

005A 0166             58                 AJMP MISS
                      59     
005C                  60     PSCORE:     
005C 74FE             61                 MOV         A, #11111110B
005E F599             62                 MOV         SBUF,A
0060 C299             63                 CLR         TI
0062 D006             64                 POP         06
0064 013B             65                 AJMP        CONTINUESC
0066                  66     MISS:
0066 74FD             67                 MOV         A, #11111101B
0068 F599             68                 MOV         SBUF,A
006A C299             69                 CLR         TI
006C D006             70                 POP         06
006E 013B             71                 AJMP        CONTINUESC
                      72     
                      73     
                      74     ;==================================================
                      75     ;  SCANNING 
                      76     ;==================================================
0070                  77     SCAN1:      
0070 7900             78                 MOV          R1, #00H
0072 7DFE             79                 MOV          R5, #11111110B
0074 7C08             80                 MOV          R4, #08
0076 E9               81     LOOP1:      MOV          A, R1
0077 93               82                 MOVC         A, @A+DPTR
0078 F580             83                 MOV          P0, A
007A BC0802           84                 CJNE         R4, #8,CHKL7 ;CHECK LINE 7
007D 0198             85                 AJMP         INSERTL7
007F BC0702           86     CHKL7:      CJNE         R4, #7,RETURNSC ;CHECK LINE 8
0082 019B             87                 AJMP         INSERTL8
0084 8D90             88     RETURNSC:   MOV          P1, R5
0086 7E03             89                 MOV          R6, #3
0088 7FC8             90     DL1:        MOV          R7, #200
008A DFFE             91     DL2:        DJNZ         R7, DL2
008C DEFA             92                 DJNZ         R6, DL1
008E 4380FF           93                 ORL          P0, #11111111B
0091 ED               94                 MOV          A, R5
0092 23               95                 RL           A
0093 FD               96                 MOV          R5, A
0094 09               97                 INC          R1
0095 DCDF             98                 DJNZ         R4, LOOP1
0097 22               99                 RET         
                     100      
0098 F8              101     INSERTL7:   MOV          R0, A
0099 0184            102                 AJMP         RETURNSC
009B FB              103     INSERTL8:   MOV          R3, A
009C 0184            104                 AJMP         RETURNSC
                     105     
                     106     ;==================================================
                     107     ; END SCREEN 
                     108     ;==================================================
009E                 109     ENDSCR:    
009E 3098FD          110                 JNB          RI,$
00A1 C298            111                 CLR          RI
00A3 7427            112                 MOV          A,#39
00A5 F599            113                 MOV          SBUF,A
00A7 C299            114                 CLR          TI
00A9 3099FD          115                 JNB          TI,$
00AC 0110            116                 AJMP         MAIN
                     117     
                     118     ;==================================================
                     119     ; BEATMAP
                     120     ;==================================================
00AE                 121     TABLE:      
00AE FF              122                 DB           11111111B
00AF FF              123                 DB           11111111B
A51 MACRO ASSEMBLER  BEATMAP                                                              06/16/2024 16:50:56 PAGE     3

00B0 FF              124                 DB           11111111B
00B1 FF              125                 DB           11111111B
00B2 FF              126                 DB           11111111B
00B3 FF              127                 DB           11111111B
00B4 FF              128                 DB           11111111B
00B5 FF              129                 DB           11111111B
                     130     
00B6 3F              131                 DB           00111111B
00B7 FF              132                 DB           11111111B
00B8 FF              133                 DB           11111111B
00B9 FF              134                 DB           11111111B
00BA F3              135                 DB           11110011B
00BB FF              136                 DB           11111111B
00BC 3F              137                 DB           00111111B
00BD FF              138                 DB           11111111B
00BE FF              139                 DB           11111111B
00BF FF              140                 DB           11111111B
00C0 FC              141                 DB           11111100B
00C1 FF              142                 DB           11111111B
00C2 CF              143                 DB           11001111B
00C3 FF              144                 DB           11111111B
00C4 3F              145                 DB           00111111B
00C5 FF              146                 DB           11111111B
00C6 3F              147                 DB           00111111B
00C7 FF              148                 DB           11111111B
00C8 FF              149                 DB           11111111B
00C9 FF              150                 DB           11111111B
00CA CF              151                 DB           11001111B
00CB FF              152                 DB           11111111B
00CC 3F              153                 DB           00111111B
00CD FF              154                 DB           11111111B
00CE FF              155                 DB           11111111B
00CF FF              156                 DB           11111111B
00D0 FC              157                 DB           11111100B
00D1 FF              158                 DB           11111111B
00D2 CF              159                 DB           11001111B
00D3 FF              160                 DB           11111111B
00D4 FC              161                 DB           11111100B
00D5 FF              162                 DB           11111111B
00D6 F3              163                 DB           11110011B
00D7 FF              164                 DB           11111111B
00D8 FF              165                 DB           11111111B
00D9 FF              166                 DB           11111111B
00DA FC              167                 DB           11111100B
00DB FF              168                 DB           11111111B
00DC FC              169                 DB           11111100B
00DD FF              170                 DB           11111111B
00DE FF              171                 DB           11111111B
00DF FF              172                 DB           11111111B
00E0 CF              173                 DB           11001111B
00E1 FF              174                 DB           11111111B
00E2 CF              175                 DB           11001111B
00E3 FF              176                 DB           11111111B
00E4 F3              177                 DB           11110011B
00E5 FF              178                 DB           11111111B
00E6 F3              179                 DB           11110011B
00E7 FF              180                 DB           11111111B
00E8 FF              181                 DB           11111111B
00E9 FF              182                 DB           11111111B
00EA FC              183                 DB           11111100B
00EB FF              184                 DB           11111111B
00EC F3              185                 DB           11110011B
00ED FF              186                 DB           11111111B
00EE CF              187                 DB           11001111B
00EF FF              188                 DB           11111111B
00F0 FF              189                 DB           11111111B
A51 MACRO ASSEMBLER  BEATMAP                                                              06/16/2024 16:50:56 PAGE     4

00F1 FF              190                 DB           11111111B
00F2 FC              191                 DB           11111100B
00F3 FF              192                 DB           11111111B
00F4 CF              193                 DB           11001111B
00F5 FF              194                 DB           11111111B
00F6 F3              195                 DB           11110011B
00F7 FF              196                 DB           11111111B
00F8 FF              197                 DB           11111111B
00F9 FF              198                 DB           11111111B
00FA F3              199                 DB           11110011B
00FB FF              200                 DB           11111111B
00FC CF              201                 DB           11001111B
00FD FF              202                 DB           11111111B
00FE FF              203                 DB           11111111B
00FF FF              204                 DB           11111111B
0100 F3              205                 DB           11110011B
0101 FF              206                 DB           11111111B
0102 CF              207                 DB           11001111B
0103 FF              208                 DB           11111111B
0104 3F              209                 DB           00111111B
0105 FF              210                 DB           11111111B
0106 F3              211                 DB           11110011B
0107 FF              212                 DB           11111111B
0108 FF              213                 DB           11111111B
0109 FF              214                 DB           11111111B
010A FC              215                 DB           11111100B
010B FF              216                 DB           11111111B
010C 3F              217                 DB           00111111B
010D FF              218                 DB           11111111B
010E FF              219                 DB           11111111B
010F FF              220                 DB           11111111B
0110 F3              221                 DB           11110011B
0111 FF              222                 DB           11111111B
0112 F3              223                 DB           11110011B
0113 FF              224                 DB           11111111B
0114 3F              225                 DB           00111111B
0115 FF              226                 DB           11111111B
0116 3F              227                 DB           00111111B
0117 FF              228                 DB           11111111B
0118 FF              229                 DB           11111111B
0119 FF              230                 DB           11111111B
011A FC              231                 DB           11111100B
011B FF              232                 DB           11111111B
011C FC              233                 DB           11111100B
011D FF              234                 DB           11111111B
011E FF              235                 DB           11111111B
011F FF              236                 DB           11111111B
0120 CF              237                 DB           11001111B
0121 FF              238                 DB           11111111B
0122 FC              239                 DB           11111100B
0123 FF              240                 DB           11111111B
0124 FC              241                 DB           11111100B
0125 FF              242                 DB           11111111B
0126 3F              243                 DB           00111111B
0127 FF              244                 DB           11111111B
0128 FF              245                 DB           11111111B
0129 FF              246                 DB           11111111B
012A 3F              247                 DB           00111111B
012B FF              248                 DB           11111111B
012C CF              249                 DB           11001111B
012D FF              250                 DB           11111111B
012E 3F              251                 DB           00111111B
012F FF              252                 DB           11111111B
0130 FF              253                 DB           11111111B
0131 FF              254                 DB           11111111B
0132 FC              255                 DB           11111100B
A51 MACRO ASSEMBLER  BEATMAP                                                              06/16/2024 16:50:56 PAGE     5

0133 FF              256                 DB           11111111B
0134 FC              257                 DB           11111100B
0135 FF              258                 DB           11111111B
0136 F3              259                 DB           11110011B
0137 FF              260                 DB           11111111B
0138 FF              261                 DB           11111111B
0139 FF              262                 DB           11111111B
013A F3              263                 DB           11110011B
013B FF              264                 DB           11111111B
013C FC              265                 DB           11111100B
013D FF              266                 DB           11111111B
013E FF              267                 DB           11111111B
013F FF              268                 DB           11111111B
0140 F3              269                 DB           11110011B
0141 FF              270                 DB           11111111B
0142 FC              271                 DB           11111100B
0143 FF              272                 DB           11111111B
0144 3F              273                 DB           00111111B
0145 FF              274                 DB           11111111B
0146 F3              275                 DB           11110011B
0147 FF              276                 DB           11111111B
0148 FF              277                 DB           11111111B
0149 FF              278                 DB           11111111B
014A 3F              279                 DB           00111111B
014B FF              280                 DB           11111111B
014C CF              281                 DB           11001111B
014D FF              282                 DB           11111111B
014E FF              283                 DB           11111111B
014F FF              284                 DB           11111111B
0150 3F              285                 DB           00111111B
0151 FF              286                 DB           11111111B
0152 FC              287                 DB           11111100B
0153 FF              288                 DB           11111111B
0154 CF              289                 DB           11001111B
0155 FF              290                 DB           11111111B
0156 3F              291                 DB           00111111B
0157 FF              292                 DB           11111111B
0158 FF              293                 DB           11111111B
0159 FF              294                 DB           11111111B
015A F3              295                 DB           11110011B
015B FF              296                 DB           11111111B
015C 3F              297                 DB           00111111B
015D FF              298                 DB           11111111B
015E FF              299                 DB           11111111B
015F FF              300                 DB           11111111B
0160 F3              301                 DB           11110011B
0161 FF              302                 DB           11111111B
0162 3F              303                 DB           00111111B
0163 FF              304                 DB           11111111B
0164 CF              305                 DB           11001111B
0165 FF              306                 DB           11111111B
0166 F3              307                 DB           11110011B
0167 FF              308                 DB           11111111B
0168 FF              309                 DB           11111111B
0169 FF              310                 DB           11111111B
016A 3F              311                 DB           00111111B
016B FF              312                 DB           11111111B
016C 3F              313                 DB           00111111B
016D FF              314                 DB           11111111B
016E 3F              315                 DB           00111111B
016F FF              316                 DB           11111111B
0170 FF              317                 DB           11111111B
0171 FF              318                 DB           11111111B
0172 CF              319                 DB           11001111B
0173 FF              320                 DB           11111111B
0174 F3              321                 DB           11110011B
A51 MACRO ASSEMBLER  BEATMAP                                                              06/16/2024 16:50:56 PAGE     6

0175 FF              322                 DB           11111111B
0176 F3              323                 DB           11110011B
0177 FF              324                 DB           11111111B
0178 FF              325                 DB           11111111B
0179 FF              326                 DB           11111111B
017A 3F              327                 DB           00111111B
017B FF              328                 DB           11111111B
017C CF              329                 DB           11001111B
017D FF              330                 DB           11111111B
017E FF              331                 DB           11111111B
017F FF              332                 DB           11111111B
0180 3F              333                 DB           00111111B
0181 FF              334                 DB           11111111B
0182 FC              335                 DB           11111100B
0183 FF              336                 DB           11111111B
0184 FC              337                 DB           11111100B
0185 FF              338                 DB           11111111B
0186 CF              339                 DB           11001111B
0187 FF              340                 DB           11111111B
0188 FF              341                 DB           11111111B
0189 FF              342                 DB           11111111B
018A F3              343                 DB           11110011B
018B FF              344                 DB           11111111B
018C CF              345                 DB           11001111B
018D FF              346                 DB           11111111B
018E FF              347                 DB           11111111B
018F FF              348                 DB           11111111B
0190 CF              349                 DB           11001111B
0191 FF              350                 DB           11111111B
0192 CF              351                 DB           11001111B
0193 FF              352                 DB           11111111B
0194 F3              353                 DB           11110011B
0195 FF              354                 DB           11111111B
0196 CF              355                 DB           11001111B
0197 FF              356                 DB           11111111B
0198 FF              357                 DB           11111111B
0199 FF              358                 DB           11111111B
019A FC              359                 DB           11111100B
019B FF              360                 DB           11111111B
019C CF              361                 DB           11001111B
019D FF              362                 DB           11111111B
019E FF              363                 DB           11111111B
019F FF              364                 DB           11111111B
01A0 CF              365                 DB           11001111B
01A1 FF              366                 DB           11111111B
01A2 3F              367                 DB           00111111B
01A3 FF              368                 DB           11111111B
01A4 F3              369                 DB           11110011B
01A5 FF              370                 DB           11111111B
01A6 CF              371                 DB           11001111B
01A7 FF              372                 DB           11111111B
01A8 FF              373                 DB           11111111B
01A9 FF              374                 DB           11111111B
01AA FF              375                 DB           11111111B
01AB FF              376                 DB           11111111B
01AC FF              377                 DB           11111111B
01AD FF              378                 DB           11111111B
01AE 3F              379                 DB           00111111B
01AF FF              380                 DB           11111111B
01B0 FF              381                 DB           11111111B
01B1 FF              382                 DB           11111111B
01B2 FF              383                 DB           11111111B
01B3 FF              384                 DB           11111111B
01B4 FF              385                 DB           11111111B
01B5 FF              386                 DB           11111111B
01B6 FC              387                 DB           11111100B
A51 MACRO ASSEMBLER  BEATMAP                                                              06/16/2024 16:50:56 PAGE     7

01B7 FF              388                 DB           11111111B
01B8 F3              389                 DB           11110011B
01B9 FF              390                 DB           11111111B
01BA CF              391                 DB           11001111B
01BB FF              392                 DB           11111111B
01BC 3F              393                 DB           00111111B
01BD FF              394                 DB           11111111B
01BE CF              395                 DB           11001111B
01BF FF              396                 DB           11111111B
01C0 FF              397                 DB           11111111B
01C1 FF              398                 DB           11111111B
01C2 3F              399                 DB           00111111B
01C3 FF              400                 DB           11111111B
01C4 3F              401                 DB           00111111B
01C5 FF              402                 DB           11111111B
01C6 FC              403                 DB           11111100B
01C7 FF              404                 DB           11111111B
01C8 FF              405                 DB           11111111B
01C9 FF              406                 DB           11111111B
01CA CF              407                 DB           11001111B
01CB FF              408                 DB           11111111B
01CC FF              409                 DB           11111111B
01CD FF              410                 DB           11111111B
01CE FC              411                 DB           11111100B
01CF FF              412                 DB           11111111B
01D0 3F              413                 DB           00111111B
01D1 FF              414                 DB           11111111B
01D2 CF              415                 DB           11001111B
01D3 FF              416                 DB           11111111B
01D4 3F              417                 DB           00111111B
01D5 FF              418                 DB           11111111B
01D6 F3              419                 DB           11110011B
01D7 FF              420                 DB           11111111B
01D8 CF              421                 DB           11001111B
01D9 FF              422                 DB           11111111B
01DA 3F              423                 DB           00111111B
01DB FF              424                 DB           11111111B
01DC CF              425                 DB           11001111B
01DD FF              426                 DB           11111111B
01DE CF              427                 DB           11001111B
01DF FF              428                 DB           11111111B
01E0 FF              429                 DB           11111111B
01E1 FF              430                 DB           11111111B
01E2 3F              431                 DB           00111111B
01E3 FF              432                 DB           11111111B
01E4 3F              433                 DB           00111111B
01E5 FF              434                 DB           11111111B
01E6 F3              435                 DB           11110011B
01E7 FF              436                 DB           11111111B
01E8 CF              437                 DB           11001111B
01E9 FF              438                 DB           11111111B
01EA FC              439                 DB           11111100B
01EB FF              440                 DB           11111111B
01EC CF              441                 DB           11001111B
01ED FF              442                 DB           11111111B
01EE F3              443                 DB           11110011B
01EF FF              444                 DB           11111111B
01F0 3F              445                 DB           00111111B
01F1 FF              446                 DB           11111111B
01F2 F3              447                 DB           11110011B
01F3 FF              448                 DB           11111111B
01F4 F3              449                 DB           11110011B
01F5 FF              450                 DB           11111111B
01F6 FC              451                 DB           11111100B
01F7 FF              452                 DB           11111111B
01F8 3F              453                 DB           00111111B
A51 MACRO ASSEMBLER  BEATMAP                                                              06/16/2024 16:50:56 PAGE     8

01F9 FF              454                 DB           11111111B
01FA F3              455                 DB           11110011B
01FB FF              456                 DB           11111111B
01FC CF              457                 DB           11001111B
01FD FF              458                 DB           11111111B
01FE F3              459                 DB           11110011B
01FF FF              460                 DB           11111111B
0200 FF              461                 DB           11111111B
0201 FF              462                 DB           11111111B
0202 FC              463                 DB           11111100B
0203 FF              464                 DB           11111111B
0204 CF              465                 DB           11001111B
0205 FF              466                 DB           11111111B
0206 3F              467                 DB           00111111B
0207 FF              468                 DB           11111111B
0208 FF              469                 DB           11111111B
0209 FF              470                 DB           11111111B
020A CF              471                 DB           11001111B
020B FF              472                 DB           11111111B
020C FF              473                 DB           11111111B
020D FF              474                 DB           11111111B
020E FC              475                 DB           11111100B
020F FF              476                 DB           11111111B
0210 CF              477                 DB           11001111B
0211 FF              478                 DB           11111111B
0212 FC              479                 DB           11111100B
0213 FF              480                 DB           11111111B
0214 CF              481                 DB           11001111B
0215 FF              482                 DB           11111111B
0216 3F              483                 DB           00111111B
0217 FF              484                 DB           11111111B
0218 F3              485                 DB           11110011B
0219 FF              486                 DB           11111111B
021A FC              487                 DB           11111100B
021B FF              488                 DB           11111111B
021C 3F              489                 DB           00111111B
021D FF              490                 DB           11111111B
021E 3F              491                 DB           00111111B
021F FF              492                 DB           11111111B
0220 FF              493                 DB           11111111B
0221 FF              494                 DB           11111111B
0222 F3              495                 DB           11110011B
0223 FF              496                 DB           11111111B
0224 FC              497                 DB           11111100B
0225 FF              498                 DB           11111111B
0226 CF              499                 DB           11001111B
0227 FF              500                 DB           11111111B
0228 FF              501                 DB           11111111B
0229 FF              502                 DB           11111111B
022A F3              503                 DB           11110011B
022B FF              504                 DB           11111111B
022C FF              505                 DB           11111111B
022D FF              506                 DB           11111111B
022E 3F              507                 DB           00111111B
022F FF              508                 DB           11111111B
0230 FF              509                 DB           11111111B
0231 FF              510                 DB           11111111B
0232 F3              511                 DB           11110011B
0233 FF              512                 DB           11111111B
0234 FF              513                 DB           11111111B
0235 FF              514                 DB           11111111B
0236 F3              515                 DB           11110011B
0237 FF              516                 DB           11111111B
0238 F3              517                 DB           11110011B
0239 FF              518                 DB           11111111B
023A F3              519                 DB           11110011B
A51 MACRO ASSEMBLER  BEATMAP                                                              06/16/2024 16:50:56 PAGE     9

023B FF              520                 DB           11111111B
023C 3F              521                 DB           00111111B
023D FF              522                 DB           11111111B
023E FC              523                 DB           11111100B
023F FF              524                 DB           11111111B
0240 FF              525                 DB           11111111B
0241 FF              526                 DB           11111111B
0242 F3              527                 DB           11110011B
0243 FF              528                 DB           11111111B
0244 CF              529                 DB           11001111B
0245 FF              530                 DB           11111111B
0246 3F              531                 DB           00111111B
0247 FF              532                 DB           11111111B
0248 FF              533                 DB           11111111B
0249 FF              534                 DB           11111111B
024A 3F              535                 DB           00111111B
024B FF              536                 DB           11111111B
024C FF              537                 DB           11111111B
024D FF              538                 DB           11111111B
024E F3              539                 DB           11110011B
024F FF              540                 DB           11111111B
0250 CF              541                 DB           11001111B
0251 FF              542                 DB           11111111B
0252 CF              543                 DB           11001111B
0253 FF              544                 DB           11111111B
0254 F3              545                 DB           11110011B
0255 FF              546                 DB           11111111B
0256 FC              547                 DB           11111100B
0257 FF              548                 DB           11111111B
0258 F3              549                 DB           11110011B
0259 FF              550                 DB           11111111B
025A FC              551                 DB           11111100B
025B FF              552                 DB           11111111B
025C F3              553                 DB           11110011B
025D FF              554                 DB           11111111B
025E FC              555                 DB           11111100B
025F FF              556                 DB           11111111B
0260 FF              557                 DB           11111111B
0261 FF              558                 DB           11111111B
0262 CF              559                 DB           11001111B
0263 FF              560                 DB           11111111B
0264 F3              561                 DB           11110011B
0265 FF              562                 DB           11111111B
0266 3F              563                 DB           00111111B
0267 FF              564                 DB           11111111B
0268 FC              565                 DB           11111100B
0269 FF              566                 DB           11111111B
026A CF              567                 DB           11001111B
026B FF              568                 DB           11111111B
026C FC              569                 DB           11111100B
026D FF              570                 DB           11111111B
026E F3              571                 DB           11110011B
026F FF              572                 DB           11111111B
0270 CF              573                 DB           11001111B
0271 FF              574                 DB           11111111B
0272 FC              575                 DB           11111100B
0273 FF              576                 DB           11111111B
0274 3F              577                 DB           00111111B
0275 FF              578                 DB           11111111B
0276 FC              579                 DB           11111100B
0277 FF              580                 DB           11111111B
0278 F3              581                 DB           11110011B
0279 FF              582                 DB           11111111B
027A 3F              583                 DB           00111111B
027B FF              584                 DB           11111111B
027C FC              585                 DB           11111100B
A51 MACRO ASSEMBLER  BEATMAP                                                              06/16/2024 16:50:56 PAGE    10

027D FF              586                 DB           11111111B
027E F3              587                 DB           11110011B
027F FF              588                 DB           11111111B
0280 FF              589                 DB           11111111B
0281 FF              590                 DB           11111111B
0282 CF              591                 DB           11001111B
0283 FF              592                 DB           11111111B
0284 F3              593                 DB           11110011B
0285 FF              594                 DB           11111111B
0286 CF              595                 DB           11001111B
0287 FF              596                 DB           11111111B
0288 FF              597                 DB           11111111B
0289 FF              598                 DB           11111111B
028A F3              599                 DB           11110011B
028B FF              600                 DB           11111111B
028C FF              601                 DB           11111111B
028D FF              602                 DB           11111111B
028E F3              603                 DB           11110011B
028F FF              604                 DB           11111111B
0290 CF              605                 DB           11001111B
0291 FF              606                 DB           11111111B
0292 FC              607                 DB           11111100B
0293 FF              608                 DB           11111111B
0294 CF              609                 DB           11001111B
0295 FF              610                 DB           11111111B
0296 3F              611                 DB           00111111B
0297 FF              612                 DB           11111111B
0298 3F              613                 DB           00111111B
0299 FF              614                 DB           11111111B
029A FC              615                 DB           11111100B
029B FF              616                 DB           11111111B
029C CF              617                 DB           11001111B
029D FF              618                 DB           11111111B
029E F3              619                 DB           11110011B
029F FF              620                 DB           11111111B
02A0 FF              621                 DB           11111111B
02A1 FF              622                 DB           11111111B
02A2 F3              623                 DB           11110011B
02A3 FF              624                 DB           11111111B
02A4 CF              625                 DB           11001111B
02A5 FF              626                 DB           11111111B
02A6 FC              627                 DB           11111100B
02A7 FF              628                 DB           11111111B
02A8 FF              629                 DB           11111111B
02A9 FF              630                 DB           11111111B
02AA 3F              631                 DB           00111111B
02AB FF              632                 DB           11111111B
02AC FF              633                 DB           11111111B
02AD FF              634                 DB           11111111B
02AE 3F              635                 DB           00111111B
02AF FF              636                 DB           11111111B
02B0 FF              637                 DB           11111111B
02B1 FF              638                 DB           11111111B
02B2 CF              639                 DB           11001111B
02B3 FF              640                 DB           11111111B
02B4 FF              641                 DB           11111111B
02B5 FF              642                 DB           11111111B
02B6 F3              643                 DB           11110011B
02B7 FF              644                 DB           11111111B
02B8 CF              645                 DB           11001111B
02B9 FF              646                 DB           11111111B
02BA F3              647                 DB           11110011B
02BB FF              648                 DB           11111111B
02BC FC              649                 DB           11111100B
02BD FF              650                 DB           11111111B
02BE 3F              651                 DB           00111111B
A51 MACRO ASSEMBLER  BEATMAP                                                              06/16/2024 16:50:56 PAGE    11

02BF FF              652                 DB           11111111B
02C0 FF              653                 DB           11111111B
02C1 FF              654                 DB           11111111B
02C2 CF              655                 DB           11001111B
02C3 FF              656                 DB           11111111B
02C4 CF              657                 DB           11001111B
02C5 FF              658                 DB           11111111B
02C6 FC              659                 DB           11111100B
02C7 FF              660                 DB           11111111B
02C8 F3              661                 DB           11110011B
02C9 FF              662                 DB           11111111B
02CA F3              663                 DB           11110011B
02CB FF              664                 DB           11111111B
02CC CF              665                 DB           11001111B
02CD FF              666                 DB           11111111B
02CE 3F              667                 DB           00111111B
02CF FF              668                 DB           11111111B
02D0 FF              669                 DB           11111111B
02D1 FF              670                 DB           11111111B
02D2 FC              671                 DB           11111100B
02D3 FF              672                 DB           11111111B
02D4 FC              673                 DB           11111100B
02D5 FF              674                 DB           11111111B
02D6 3F              675                 DB           00111111B
02D7 FF              676                 DB           11111111B
02D8 3F              677                 DB           00111111B
02D9 FF              678                 DB           11111111B
02DA F3              679                 DB           11110011B
02DB FF              680                 DB           11111111B
02DC F3              681                 DB           11110011B
02DD FF              682                 DB           11111111B
02DE CF              683                 DB           11001111B
02DF FF              684                 DB           11111111B
02E0 FF              685                 DB           11111111B
02E1 FF              686                 DB           11111111B
02E2 FC              687                 DB           11111100B
02E3 FF              688                 DB           11111111B
02E4 3F              689                 DB           00111111B
02E5 FF              690                 DB           11111111B
02E6 3F              691                 DB           00111111B
02E7 FF              692                 DB           11111111B
02E8 CF              693                 DB           11001111B
02E9 FF              694                 DB           11111111B
02EA F3              695                 DB           11110011B
02EB FF              696                 DB           11111111B
02EC FC              697                 DB           11111100B
02ED FF              698                 DB           11111111B
02EE CF              699                 DB           11001111B
02EF FF              700                 DB           11111111B
02F0 FF              701                 DB           11111111B
02F1 FF              702                 DB           11111111B
02F2 FC              703                 DB           11111100B
02F3 FF              704                 DB           11111111B
02F4 CF              705                 DB           11001111B
02F5 FF              706                 DB           11111111B
02F6 F3              707                 DB           11110011B
02F7 FF              708                 DB           11111111B
02F8 F3              709                 DB           11110011B
02F9 FF              710                 DB           11111111B
02FA F3              711                 DB           11110011B
02FB FF              712                 DB           11111111B
02FC 3F              713                 DB           00111111B
02FD FF              714                 DB           11111111B
02FE FC              715                 DB           11111100B
02FF FF              716                 DB           11111111B
0300 FF              717                 DB           11111111B
A51 MACRO ASSEMBLER  BEATMAP                                                              06/16/2024 16:50:56 PAGE    12

0301 FF              718                 DB           11111111B
0302 3F              719                 DB           00111111B
0303 FF              720                 DB           11111111B
0304 F3              721                 DB           11110011B
0305 FF              722                 DB           11111111B
0306 CF              723                 DB           11001111B
0307 FF              724                 DB           11111111B
0308 FC              725                 DB           11111100B
0309 FF              726                 DB           11111111B
030A F3              727                 DB           11110011B
030B FF              728                 DB           11111111B
030C 3F              729                 DB           00111111B
030D FF              730                 DB           11111111B
030E F3              731                 DB           11110011B
030F FF              732                 DB           11111111B
0310 FF              733                 DB           11111111B
0311 FF              734                 DB           11111111B
0312 3F              735                 DB           00111111B
0313 FF              736                 DB           11111111B
0314 CF              737                 DB           11001111B
0315 FF              738                 DB           11111111B
0316 F3              739                 DB           11110011B
0317 FF              740                 DB           11111111B
0318 3F              741                 DB           00111111B
0319 FF              742                 DB           11111111B
031A F3              743                 DB           11110011B
031B FF              744                 DB           11111111B
031C FC              745                 DB           11111100B
031D FF              746                 DB           11111111B
031E FC              747                 DB           11111100B
031F FF              748                 DB           11111111B
0320 FF              749                 DB           11111111B
0321 FF              750                 DB           11111111B
0322 F3              751                 DB           11110011B
0323 FF              752                 DB           11111111B
0324 3F              753                 DB           00111111B
0325 FF              754                 DB           11111111B
0326 CF              755                 DB           11001111B
0327 FF              756                 DB           11111111B
0328 CF              757                 DB           11001111B
0329 FF              758                 DB           11111111B
032A FC              759                 DB           11111100B
032B FF              760                 DB           11111111B
032C 3F              761                 DB           00111111B
032D FF              762                 DB           11111111B
032E FC              763                 DB           11111100B
032F FF              764                 DB           11111111B
0330 FF              765                 DB           11111111B
0331 FF              766                 DB           11111111B
0332 3F              767                 DB           00111111B
0333 FF              768                 DB           11111111B
0334 FC              769                 DB           11111100B
0335 FF              770                 DB           11111111B
0336 3F              771                 DB           00111111B
0337 FF              772                 DB           11111111B
0338 CF              773                 DB           11001111B
0339 FF              774                 DB           11111111B
033A 3F              775                 DB           00111111B
033B FF              776                 DB           11111111B
033C CF              777                 DB           11001111B
033D FF              778                 DB           11111111B
033E FC              779                 DB           11111100B
033F FF              780                 DB           11111111B
0340 FF              781                 DB           11111111B
0341 FF              782                 DB           11111111B
0342 CF              783                 DB           11001111B
A51 MACRO ASSEMBLER  BEATMAP                                                              06/16/2024 16:50:56 PAGE    13

0343 FF              784                 DB           11111111B
0344 FC              785                 DB           11111100B
0345 FF              786                 DB           11111111B
0346 F3              787                 DB           11110011B
0347 FF              788                 DB           11111111B
0348 CF              789                 DB           11001111B
0349 FF              790                 DB           11111111B
034A 3F              791                 DB           00111111B
034B FF              792                 DB           11111111B
034C 3F              793                 DB           00111111B
034D FF              794                 DB           11111111B
034E FC              795                 DB           11111100B
034F FF              796                 DB           11111111B
0350 FF              797                 DB           11111111B
0351 FF              798                 DB           11111111B
0352 FC              799                 DB           11111100B
0353 FF              800                 DB           11111111B
0354 3F              801                 DB           00111111B
0355 FF              802                 DB           11111111B
0356 FC              803                 DB           11111100B
0357 FF              804                 DB           11111111B
0358 FC              805                 DB           11111100B
0359 FF              806                 DB           11111111B
035A FC              807                 DB           11111100B
035B FF              808                 DB           11111111B
035C 3F              809                 DB           00111111B
035D FF              810                 DB           11111111B
035E F3              811                 DB           11110011B
035F FF              812                 DB           11111111B
0360 FF              813                 DB           11111111B
0361 FF              814                 DB           11111111B
0362 3F              815                 DB           00111111B
0363 FF              816                 DB           11111111B
0364 3F              817                 DB           00111111B
0365 FF              818                 DB           11111111B
0366 CF              819                 DB           11001111B
0367 FF              820                 DB           11111111B
0368 F3              821                 DB           11110011B
0369 FF              822                 DB           11111111B
036A F3              823                 DB           11110011B
036B FF              824                 DB           11111111B
036C CF              825                 DB           11001111B
036D FF              826                 DB           11111111B
036E CF              827                 DB           11001111B
036F FF              828                 DB           11111111B
0370 FF              829                 DB           11111111B
0371 FF              830                 DB           11111111B
0372 FC              831                 DB           11111100B
0373 FF              832                 DB           11111111B
0374 F3              833                 DB           11110011B
0375 FF              834                 DB           11111111B
0376 F3              835                 DB           11110011B
0377 FF              836                 DB           11111111B
0378 FC              837                 DB           11111100B
0379 FF              838                 DB           11111111B
037A 3F              839                 DB           00111111B
037B FF              840                 DB           11111111B
037C F3              841                 DB           11110011B
037D FF              842                 DB           11111111B
037E FC              843                 DB           11111100B
037F FF              844                 DB           11111111B
0380 FF              845                 DB           11111111B
0381 FF              846                 DB           11111111B
0382 CF              847                 DB           11001111B
0383 FF              848                 DB           11111111B
0384 F3              849                 DB           11110011B
A51 MACRO ASSEMBLER  BEATMAP                                                              06/16/2024 16:50:56 PAGE    14

0385 FF              850                 DB           11111111B
0386 F3              851                 DB           11110011B
0387 FF              852                 DB           11111111B
0388 CF              853                 DB           11001111B
0389 FF              854                 DB           11111111B
038A 3F              855                 DB           00111111B
038B FF              856                 DB           11111111B
038C F3              857                 DB           11110011B
038D FF              858                 DB           11111111B
038E FC              859                 DB           11111100B
038F FF              860                 DB           11111111B
0390 FF              861                 DB           11111111B
0391 FF              862                 DB           11111111B
0392 CF              863                 DB           11001111B
0393 FF              864                 DB           11111111B
0394 F3              865                 DB           11110011B
0395 FF              866                 DB           11111111B
0396 F3              867                 DB           11110011B
0397 FF              868                 DB           11111111B
0398 F3              869                 DB           11110011B
0399 FF              870                 DB           11111111B
039A F3              871                 DB           11110011B
039B FF              872                 DB           11111111B
039C CF              873                 DB           11001111B
039D FF              874                 DB           11111111B
039E F3              875                 DB           11110011B
039F FF              876                 DB           11111111B
03A0 FF              877                 DB           11111111B
03A1 FF              878                 DB           11111111B
03A2 FC              879                 DB           11111100B
03A3 FF              880                 DB           11111111B
03A4 F3              881                 DB           11110011B
03A5 FF              882                 DB           11111111B
03A6 F3              883                 DB           11110011B
03A7 FF              884                 DB           11111111B
03A8 3F              885                 DB           00111111B
03A9 FF              886                 DB           11111111B
03AA 3F              887                 DB           00111111B
03AB FF              888                 DB           11111111B
03AC F3              889                 DB           11110011B
03AD FF              890                 DB           11111111B
03AE CF              891                 DB           11001111B
03AF FF              892                 DB           11111111B
03B0 FF              893                 DB           11111111B
03B1 FF              894                 DB           11111111B
03B2 FF              895                 DB           11111111B
03B3 FF              896                 DB           11111111B
03B4 FF              897                 DB           11111111B
03B5 FF              898                 DB           11111111B
03B6 CF              899                 DB           11001111B
03B7 FF              900                 DB           11111111B
03B8 FF              901                 DB           11111111B
03B9 FF              902                 DB           11111111B
03BA FF              903                 DB           11111111B
03BB FF              904                 DB           11111111B
03BC FF              905                 DB           11111111B
03BD FF              906                 DB           11111111B
03BE FF              907                 DB           11111111B
03BF FF              908                 DB           11111111B
03C0 FF              909                 DB           11111111B
03C1 FF              910                 DB           11111111B
03C2 FF              911                 DB           11111111B
03C3 FF              912                 DB           11111111B
03C4 FC              913                 DB           11111100B
03C5 FF              914                 DB           11111111B
03C6 FF              915                 DB           11111111B
A51 MACRO ASSEMBLER  BEATMAP                                                              06/16/2024 16:50:56 PAGE    15

03C7 FF              916                 DB           11111111B
03C8 FF              917                 DB           11111111B
03C9 FF              918                 DB           11111111B
03CA FF              919                 DB           11111111B
03CB FF              920                 DB           11111111B
03CC FF              921                 DB           11111111B
03CD FF              922                 DB           11111111B
03CE FF              923                 DB           11111111B
03CF FF              924                 DB           11111111B
03D0 FF              925                 DB           11111111B
03D1 FF              926                 DB           11111111B
03D2 FC              927                 DB           11111100B
03D3 FF              928                 DB           11111111B
03D4 FF              929                 DB           11111111B
03D5 FF              930                 DB           11111111B
03D6 FF              931                 DB           11111111B
03D7 FF              932                 DB           11111111B
03D8 CF              933                 DB           11001111B
03D9 FF              934                 DB           11111111B
03DA FC              935                 DB           11111100B
03DB FF              936                 DB           11111111B
03DC CF              937                 DB           11001111B
03DD FF              938                 DB           11111111B
03DE FC              939                 DB           11111100B
03DF FF              940                 DB           11111111B
03E0 F3              941                 DB           11110011B
03E1 FF              942                 DB           11111111B
03E2 FF              943                 DB           11111111B
03E3 FF              944                 DB           11111111B
03E4 FF              945                 DB           11111111B
03E5 FF              946                 DB           11111111B
03E6 FF              947                 DB           11111111B
03E7 FF              948                 DB           11111111B
03E8 CF              949                 DB           11001111B
03E9 FF              950                 DB           11111111B
03EA FF              951                 DB           11111111B
03EB FF              952                 DB           11111111B
03EC FF              953                 DB           11111111B
03ED FF              954                 DB           11111111B
03EE F3              955                 DB           11110011B
03EF FF              956                 DB           11111111B
03F0 FF              957                 DB           11111111B
03F1 FF              958                 DB           11111111B
03F2 FF              959                 DB           11111111B
03F3 FF              960                 DB           11111111B
03F4 FF              961                 DB           11111111B
03F5 FF              962                 DB           11111111B
03F6 FF              963                 DB           11111111B
03F7 FF              964                 DB           11111111B
03F8 FF              965                 DB           11111111B
03F9 FF              966                 DB           11111111B
03FA FF              967                 DB           11111111B
03FB FF              968                 DB           11111111B
03FC FC              969                 DB           11111100B
03FD FF              970                 DB           11111111B
03FE FF              971                 DB           11111111B
03FF FF              972                 DB           11111111B
0400 FF              973                 DB           11111111B
0401 FF              974                 DB           11111111B
0402 FF              975                 DB           11111111B
0403 FF              976                 DB           11111111B
0404 FF              977                 DB           11111111B
0405 FF              978                 DB           11111111B
0406 FF              979                 DB           11111111B
0407 FF              980                 DB           11111111B
0408 FF              981                 DB           11111111B
A51 MACRO ASSEMBLER  BEATMAP                                                              06/16/2024 16:50:56 PAGE    16

0409 FF              982                 DB           11111111B
040A F3              983                 DB           11110011B
040B FF              984                 DB           11111111B
040C FF              985                 DB           11111111B
040D FF              986                 DB           11111111B
040E FF              987                 DB           11111111B
040F FF              988                 DB           11111111B
0410 FC              989                 DB           11111100B
0411 FF              990                 DB           11111111B
0412 FC              991                 DB           11111100B
0413 FF              992                 DB           11111111B
0414 CF              993                 DB           11001111B
0415 FF              994                 DB           11111111B
0416 FC              995                 DB           11111100B
0417 FF              996                 DB           11111111B
0418 FF              997                 DB           11111111B
0419 FF              998                 DB           11111111B
041A FF              999                 DB           11111111B
041B FF             1000                 DB           11111111B
041C FF             1001                 DB           11111111B
041D FF             1002                 DB           11111111B
041E FF             1003                 DB           11111111B
041F FF             1004                 DB           11111111B
0420 3F             1005                 DB           00111111B
0421 FF             1006                 DB           11111111B
0422 FF             1007                 DB           11111111B
0423 FF             1008                 DB           11111111B
0424 FF             1009                 DB           11111111B
0425 FF             1010                 DB           11111111B
0426 F3             1011                 DB           11110011B
0427 FF             1012                 DB           11111111B
0428 F3             1013                 DB           11110011B
0429 FF             1014                 DB           11111111B
042A CF             1015                 DB           11001111B
042B FF             1016                 DB           11111111B
042C F3             1017                 DB           11110011B
042D FF             1018                 DB           11111111B
042E 3F             1019                 DB           00111111B
042F FF             1020                 DB           11111111B
0430 FF             1021                 DB           11111111B
0431 FF             1022                 DB           11111111B
0432 CF             1023                 DB           11001111B
0433 FF             1024                 DB           11111111B
0434 FF             1025                 DB           11111111B
0435 FF             1026                 DB           11111111B
0436 F3             1027                 DB           11110011B
0437 FF             1028                 DB           11111111B
0438 F3             1029                 DB           11110011B
0439 FF             1030                 DB           11111111B
043A FC             1031                 DB           11111100B
043B FF             1032                 DB           11111111B
043C FC             1033                 DB           11111100B
043D FF             1034                 DB           11111111B
043E 3F             1035                 DB           00111111B
043F FF             1036                 DB           11111111B
0440 FF             1037                 DB           11111111B
0441 FF             1038                 DB           11111111B
0442 F3             1039                 DB           11110011B
0443 FF             1040                 DB           11111111B
0444 FF             1041                 DB           11111111B
0445 FF             1042                 DB           11111111B
0446 3F             1043                 DB           00111111B
0447 FF             1044                 DB           11111111B
0448 F3             1045                 DB           11110011B
0449 FF             1046                 DB           11111111B
044A CF             1047                 DB           11001111B
A51 MACRO ASSEMBLER  BEATMAP                                                              06/16/2024 16:50:56 PAGE    17

044B FF             1048                 DB           11111111B
044C CF             1049                 DB           11001111B
044D FF             1050                 DB           11111111B
044E 3F             1051                 DB           00111111B
044F FF             1052                 DB           11111111B
0450 FF             1053                 DB           11111111B
0451 FF             1054                 DB           11111111B
0452 3F             1055                 DB           00111111B
0453 FF             1056                 DB           11111111B
0454 FF             1057                 DB           11111111B
0455 FF             1058                 DB           11111111B
0456 FC             1059                 DB           11111100B
0457 FF             1060                 DB           11111111B
0458 3F             1061                 DB           00111111B
0459 FF             1062                 DB           11111111B
045A 3F             1063                 DB           00111111B
045B FF             1064                 DB           11111111B
045C F3             1065                 DB           11110011B
045D FF             1066                 DB           11111111B
045E CF             1067                 DB           11001111B
045F FF             1068                 DB           11111111B
0460 FF             1069                 DB           11111111B
0461 FF             1070                 DB           11111111B
0462 F3             1071                 DB           11110011B
0463 FF             1072                 DB           11111111B
0464 FF             1073                 DB           11111111B
0465 FF             1074                 DB           11111111B
0466 CF             1075                 DB           11001111B
0467 FF             1076                 DB           11111111B
0468 CF             1077                 DB           11001111B
0469 FF             1078                 DB           11111111B
046A CF             1079                 DB           11001111B
046B FF             1080                 DB           11111111B
046C FC             1081                 DB           11111100B
046D FF             1082                 DB           11111111B
046E CF             1083                 DB           11001111B
046F FF             1084                 DB           11111111B
0470 FF             1085                 DB           11111111B
0471 FF             1086                 DB           11111111B
0472 F3             1087                 DB           11110011B
0473 FF             1088                 DB           11111111B
0474 FF             1089                 DB           11111111B
0475 FF             1090                 DB           11111111B
0476 FC             1091                 DB           11111100B
0477 FF             1092                 DB           11111111B
0478 F3             1093                 DB           11110011B
0479 FF             1094                 DB           11111111B
047A CF             1095                 DB           11001111B
047B FF             1096                 DB           11111111B
047C FC             1097                 DB           11111100B
047D FF             1098                 DB           11111111B
047E 3F             1099                 DB           00111111B
047F FF             1100                 DB           11111111B
0480 FF             1101                 DB           11111111B
0481 FF             1102                 DB           11111111B
0482 CF             1103                 DB           11001111B
0483 FF             1104                 DB           11111111B
0484 FF             1105                 DB           11111111B
0485 FF             1106                 DB           11111111B
0486 3F             1107                 DB           00111111B
0487 FF             1108                 DB           11111111B
0488 3F             1109                 DB           00111111B
0489 FF             1110                 DB           11111111B
048A FC             1111                 DB           11111100B
048B FF             1112                 DB           11111111B
048C F3             1113                 DB           11110011B
A51 MACRO ASSEMBLER  BEATMAP                                                              06/16/2024 16:50:56 PAGE    18

048D FF             1114                 DB           11111111B
048E F3             1115                 DB           11110011B
048F FF             1116                 DB           11111111B
0490 FF             1117                 DB           11111111B
0491 FF             1118                 DB           11111111B
0492 CF             1119                 DB           11001111B
0493 FF             1120                 DB           11111111B
0494 FF             1121                 DB           11111111B
0495 FF             1122                 DB           11111111B
0496 FF             1123                 DB           11111111B
0497 FF             1124                 DB           11111111B
0498 FF             1125                 DB           11111111B
0499 FF             1126                 DB           11111111B
049A FF             1127                 DB           11111111B
049B FF             1128                 DB           11111111B
049C FF             1129                 DB           11111111B
049D FF             1130                 DB           11111111B
049E FC             1131                 DB           11111100B
049F FF             1132                 DB           11111111B
04A0 FF             1133                 DB           11111111B
04A1 FF             1134                 DB           11111111B
04A2 FF             1135                 DB           11111111B
04A3 FF             1136                 DB           11111111B
                    1137     
04A4 FF             1138                 DB           11111111B
04A5 FF             1139                 DB           11111111B
04A6 FF             1140                 DB           11111111B
04A7 FF             1141                 DB           11111111B
04A8 FF             1142                 DB           11111111B
04A9 FF             1143                 DB           11111111B
04AA FF             1144                 DB           11111111B
04AB AA             1145                 DB           10101010B
                    1146     
                    1147                 END         
A51 MACRO ASSEMBLER  BEATMAP                                                              06/16/2024 16:50:56 PAGE    19

SYMBOL TABLE LISTING
------ ----- -------


N A M E             T Y P E  V A L U E   ATTRIBUTES

CHKL7. . . . . . .  C ADDR   007FH   A   
CONTINUESC . . . .  C ADDR   003BH   A   
CONTJUDG1. . . . .  C ADDR   004CH   A   
CONTJUDG2. . . . .  C ADDR   0050H   A   
CONTJUDG3. . . . .  C ADDR   0056H   A   
DL1. . . . . . . .  C ADDR   0088H   A   
DL2. . . . . . . .  C ADDR   008AH   A   
ENDSCR . . . . . .  C ADDR   009EH   A   
INSERTL7 . . . . .  C ADDR   0098H   A   
INSERTL8 . . . . .  C ADDR   009BH   A   
JUDGE. . . . . . .  C ADDR   0043H   A   
LOOP . . . . . . .  C ADDR   002BH   A   
LOOP1. . . . . . .  C ADDR   0076H   A   
MAIN . . . . . . .  C ADDR   0010H   A   
MISS . . . . . . .  C ADDR   0066H   A   
P0 . . . . . . . .  D ADDR   0080H   A   
P1 . . . . . . . .  D ADDR   0090H   A   
PSCORE . . . . . .  C ADDR   005CH   A   
RETURNSC . . . . .  C ADDR   0084H   A   
RI . . . . . . . .  B ADDR   0098H.0 A   
SBUF . . . . . . .  D ADDR   0099H   A   
SCAN . . . . . . .  C ADDR   002DH   A   
SCAN1. . . . . . .  C ADDR   0070H   A   
SCON . . . . . . .  D ADDR   0098H   A   
TABLE. . . . . . .  C ADDR   00AEH   A   
TH1. . . . . . . .  D ADDR   008DH   A   
TI . . . . . . . .  B ADDR   0098H.1 A   
TL1. . . . . . . .  D ADDR   008BH   A   
TMOD . . . . . . .  D ADDR   0089H   A   
TR1. . . . . . . .  B ADDR   0088H.6 A   


REGISTER BANK(S) USED: 0 


ASSEMBLY COMPLETE.  0 WARNING(S), 0 ERROR(S)
